C1 -> R3
---------------------------------------------------------------------------
ubuntu@student04:~/seccamp-Z4/tinet_pg2$ docker exec C1 ping -c 5 10.255.2.2
PING 10.255.2.2 (10.255.2.2) 56(84) bytes of data.
64 bytes from 10.255.2.2: icmp_seq=1 ttl=63 time=0.059 ms
64 bytes from 10.255.2.2: icmp_seq=2 ttl=63 time=0.044 ms
64 bytes from 10.255.2.2: icmp_seq=3 ttl=63 time=0.050 ms
64 bytes from 10.255.2.2: icmp_seq=4 ttl=63 time=0.045 ms
64 bytes from 10.255.2.2: icmp_seq=5 ttl=63 time=0.046 ms
From 10.1.0.1 icmp_seq=5 Destination Host Unreachable

--- 10.255.2.3 ping statistics ---
5 packets transmitted, 0 received, +5 errors, 100% packet loss, time 4095ms
pipe 4
ubuntu@student04:~/seccamp-Z4/tinet_pg2$ docker exec C1 ping -c 5 10.255.3.2
PING 10.255.3.2 (10.255.3.2) 56(84) bytes of data.
64 bytes from 10.255.3.2: icmp_seq=1 ttl=63 time=0.032 ms
64 bytes from 10.255.3.2: icmp_seq=2 ttl=63 time=0.045 ms
64 bytes from 10.255.3.2: icmp_seq=3 ttl=63 time=0.047 ms
64 bytes from 10.255.3.2: icmp_seq=4 ttl=63 time=0.045 ms
64 bytes from 10.255.3.2: icmp_seq=5 ttl=63 time=0.048 ms

--- 10.255.3.2 ping statistics ---
5 packets transmitted, 5 received, 0% packet loss, time 4075ms
rtt min/avg/max/mdev = 0.032/0.043/0.048/0.008 ms
---------------------------------------------------------------------------


R3 -> C1
---------------------------------------------------------------------------
ubuntu@student04:~/seccamp-Z4/tinet_pg2$ docker exec R3 ping -c 5 10.1.0.2
PING 10.1.0.2 (10.1.0.2) 56(84) bytes of data.
64 bytes from 10.1.0.2: icmp_seq=1 ttl=63 time=0.035 ms
64 bytes from 10.1.0.2: icmp_seq=2 ttl=63 time=0.045 ms
64 bytes from 10.1.0.2: icmp_seq=3 ttl=63 time=0.048 ms
64 bytes from 10.1.0.2: icmp_seq=4 ttl=63 time=0.052 ms
64 bytes from 10.1.0.2: icmp_seq=5 ttl=63 time=0.045 ms

--- 10.1.0.2 ping statistics ---
5 packets transmitted, 5 received, 0% packet loss, time 4081ms
rtt min/avg/max/mdev = 0.035/0.045/0.052/0.005 ms
---------------------------------------------------------------------------



C3 -> R3
---------------------------------------------------------------------------
ubuntu@student04:~/seccamp-Z4/tinet_pg2$ docker exec C3 ping -c 5 10.255.2.2
PING 10.255.2.2 (10.255.2.2) 56(84) bytes of data.
64 bytes from 10.255.2.2: icmp_seq=1 ttl=63 time=0.070 ms
64 bytes from 10.255.2.2: icmp_seq=2 ttl=63 time=0.046 ms
64 bytes from 10.255.2.2: icmp_seq=3 ttl=63 time=0.047 ms
64 bytes from 10.255.2.2: icmp_seq=4 ttl=63 time=0.058 ms
64 bytes from 10.255.2.2: icmp_seq=5 ttl=63 time=0.048 ms

--- 10.255.2.2 ping statistics ---
5 packets transmitted, 5 received, 0% packet loss, time 4077ms
rtt min/avg/max/mdev = 0.046/0.053/0.070/0.013 ms
ubuntu@student04:~/seccamp-Z4/tinet_pg2$ docker exec C3 ping -c 5 10.255.3.2
PING 10.255.3.2 (10.255.3.2) 56(84) bytes of data.
64 bytes from 10.255.3.2: icmp_seq=1 ttl=63 time=0.035 ms
64 bytes from 10.255.3.2: icmp_seq=2 ttl=63 time=0.046 ms
64 bytes from 10.255.3.2: icmp_seq=3 ttl=63 time=0.044 ms
64 bytes from 10.255.3.2: icmp_seq=4 ttl=63 time=0.043 ms
64 bytes from 10.255.3.2: icmp_seq=5 ttl=63 time=0.045 ms

--- 10.255.3.2 ping statistics ---
5 packets transmitted, 5 received, 0% packet loss, time 4079ms
rtt min/avg/max/mdev = 0.035/0.042/0.046/0.008 ms
---------------------------------------------------------------------------


R3 -> C3
---------------------------------------------------------------------------
ubuntu@student04:~/seccamp-Z4/tinet_pg2$ docker exec R3 ping -c 5 10.3.0.2
PING 10.3.0.2 (10.3.0.2) 56(84) bytes of data.
64 bytes from 10.3.0.2: icmp_seq=1 ttl=63 time=0.035 ms
64 bytes from 10.3.0.2: icmp_seq=2 ttl=63 time=0.045 ms
64 bytes from 10.3.0.2: icmp_seq=3 ttl=63 time=0.046 ms
64 bytes from 10.3.0.2: icmp_seq=4 ttl=63 time=0.045 ms
64 bytes from 10.3.0.2: icmp_seq=5 ttl=63 time=0.046 ms

--- 10.3.0.2 ping statistics ---
5 packets transmitted, 5 received, 0% packet loss, time 4068ms
rtt min/avg/max/mdev = 0.035/0.043/0.046/0.007 ms
---------------------------------------------------------------------------


